[    2543ms] [ERROR] Failed to load resource: the server responded with a status of 404 () @ https://br.pinterest.com/secure/unauth_user_data/:0
[    2592ms] [WARNING] [GSI_LOGGER]: Your client application uses one of the Google One Tap prompt UI status methods that may stop functioning when FedCM becomes mandatory. Refer to the migration guide to update your code accordingly and opt-in to FedCM to test your changes. Learn more: https://developers.google.com/identity/gsi/web/guides/fedcm-migration?s=dc#display_moment and https://developers.google.com/identity/gsi/web/guides/fedcm-migration?s=dc#skipped_moment @ https://accounts.google.com/gsi/client?hl=pt:86
[    2628ms] [ERROR] Failed to load resource: net::ERR_FILE_NOT_FOUND @ blob:https://br.pinterest.com/d8b1b78c-00b5-49e4-bc8b-b14b69b9d939:0
[    2706ms] [ERROR] Not signed in with the identity provider. @ https://br.pinterest.com/pin/3237030979162517/:0
[    5295ms] [ERROR] [GSI_LOGGER]: FedCM get() rejects with NetworkError: Error retrieving a token. @ https://accounts.google.com/gsi/client?hl=pt:87
[    5304ms] [ERROR] Failed to load resource: net::ERR_FILE_NOT_FOUND @ blob:https://br.pinterest.com/149b36c5-b919-4d01-bfcc-7d8f020d3255:0
[    5307ms] [ERROR] Failed to load resource: net::ERR_FILE_NOT_FOUND @ blob:https://br.pinterest.com/de51fe0b-1358-4f8a-a3f8-2e0e31115452:0
[    5309ms] [ERROR] Failed to load resource: net::ERR_FILE_NOT_FOUND @ blob:https://br.pinterest.com/f45cc96a-0e96-42ff-bb1a-01f6585c825f:0
[    5311ms] [ERROR] Failed to load resource: net::ERR_FILE_NOT_FOUND @ blob:https://br.pinterest.com/9942bcf4-474e-43e1-b07a-21f8372cfa39:0
[    5359ms] [ERROR] Failed to load resource: net::ERR_FILE_NOT_FOUND @ blob:https://br.pinterest.com/3422236d-d727-4632-b7da-4e55ff11d13c:0
[    5369ms] [ERROR] Framing 'https://accounts.google.com/' violates the following report-only Content Security Policy directive: "frame-ancestors 'self'". The violation has been logged, but no further action has been taken.
 @ :0
[    5548ms] [ERROR] Connecting to 'https://connect.facebook.net/app_config/json/274266067164/' violates the following Content Security Policy directive: "connect-src 'self' blob: m.media-amazon.com *.amazon-adsystem.com htlb.casalemedia.com *.2mdn.net *.ada.support *.pinimg.com *.pinterest.com accounts.google.com *.adyen.com pinterest-salvador.s3.amazonaws.com *.adyenpayments.com *.paypal.com *.facebook.com *.doubleclick.net *.adtrafficquality.google www.recaptcha.net https://pinterest-api.arkoselabs.com/ www.googleapis.com *.dropboxapi.com pinterest-aberdeen.s3.amazonaws.com pinterest-aberdeen.s3.us-east-1.amazonaws.com pinterest-anaheim.s3.amazonaws.com pinterest-anaheim.s3.us-east-1.amazonaws.com pinterest-hilo.s3.amazonaws.com pinterest-hilo.s3.us-east-1.amazonaws.com pinterest-sim-toontown.s3.amazonaws.com pinterest-sim-toontown.s3.us-east-1.amazonaws.com pinterest-lucca.s3.amazonaws.com pinterest-lucca.s3.us-east-1.amazonaws.com pinterest-florianopolis.s3.amazonaws.com pinterest-florianopolis.s3.us-east-1.amazonaws.com pinterest-dev-florianopolis.s3.amazonaws.com pinterest-dev-florianopolis.s3.us-east-1.amazonaws.com pinterest-media-upload.s3.amazonaws.com pinterest-media-upload.s3.us-east-1.amazonaws.com pinterest-media-upload.s3-accelerate.amazonaws.com pinterest-milwaukee.s3.amazonaws.com pinterest-milwaukee.s3.us-east-1.amazonaws.com pinterest-poughkeepsie.s3.amazonaws.com pinterest-poughkeepsie.s3.us-east-1.amazonaws.com pinterest-waterloo.s3.amazonaws.com pinterest-waterloo.s3.us-east-1.amazonaws.com pinterest-plymouth.s3.amazonaws.com pinterest-plymouth.s3.us-east-1.amazonaws.com pinterest-salvador.s3.us-east-1.amazonaws.com pinterest-yamagata.s3.amazonaws.com pinterest-yamagata.s3.us-east-1.amazonaws.com *.tvpixel.com api.pinadmin.com *.live-video.net https://*.daily.co https://*.pluot.blue wss://*.wss.daily.co api.basistheory.com". The action has been blocked. @ https://s1.pinimg.com/webapp/www/_client.pt_BR-e2f2209c33bc07b9.mjs:380
[    5549ms] [ERROR] Connecting to 'https://connect.facebook.net/app_config/json/274266067164/' violates the following Content Security Policy directive: "connect-src 'self' blob: m.media-amazon.com *.amazon-adsystem.com htlb.casalemedia.com *.2mdn.net *.ada.support *.pinimg.com *.pinterest.com accounts.google.com *.facebook.com *.doubleclick.net *.adtrafficquality.google www.recaptcha.net https://pinterest-api.arkoselabs.com/ www.googleapis.com *.dropboxapi.com pinterest-florianopolis.s3.amazonaws.com pinterest-florianopolis.s3.us-east-1.amazonaws.com pinterest-dev-florianopolis.s3.amazonaws.com pinterest-dev-florianopolis.s3.us-east-1.amazonaws.com pinterest-media-upload.s3.amazonaws.com pinterest-media-upload.s3.us-east-1.amazonaws.com pinterest-media-upload.s3-accelerate.amazonaws.com pinterest-milwaukee.s3.amazonaws.com pinterest-waterloo.s3.amazonaws.com pinterest-waterloo.s3.us-east-1.amazonaws.com *.tvpixel.com api.pinadmin.com *.live-video.net https://*.daily.co https://*.pluot.blue wss://*.wss.daily.co api.basistheory.com". The action has been blocked. @ https://s1.pinimg.com/webapp/www/_client.pt_BR-e2f2209c33bc07b9.mjs:380
[    5550ms] [ERROR] Fetch API cannot load https://connect.facebook.net/app_config/json/274266067164/. Refused to connect because it violates the document's Content Security Policy. @ https://s1.pinimg.com/webapp/www/_client.pt_BR-e2f2209c33bc07b9.mjs:380
[  126012ms] [ERROR] Failed to load resource: the server responded with a status of 404 () @ https://br.pinterest.com/resource/ApiResource/create/:0
[  128196ms] [ERROR] Failed to load resource: the server responded with a status of 404 () @ https://br.pinterest.com/resource/ApiResource/create/:0
[  130378ms] [ERROR] Failed to load resource: the server responded with a status of 404 () @ https://br.pinterest.com/resource/ApiResource/create/:0
[  132377ms] [ERROR] Failed to load resource: the server responded with a status of 404 () @ https://br.pinterest.com/resource/ApiResource/create/:0
[  134416ms] [ERROR] Failed to load resource: the server responded with a status of 404 () @ https://br.pinterest.com/resource/ApiResource/create/:0
[  136374ms] [ERROR] Failed to load resource: the server responded with a status of 404 () @ https://br.pinterest.com/resource/ApiResource/create/:0
[  138376ms] [ERROR] Failed to load resource: the server responded with a status of 404 () @ https://br.pinterest.com/resource/ApiResource/create/:0
[  140375ms] [ERROR] Failed to load resource: the server responded with a status of 404 () @ https://br.pinterest.com/resource/ApiResource/create/:0
[  142371ms] [ERROR] Failed to load resource: the server responded with a status of 404 () @ https://br.pinterest.com/resource/ApiResource/create/:0
[  144412ms] [ERROR] Failed to load resource: the server responded with a status of 404 () @ https://br.pinterest.com/resource/ApiResource/create/:0
[  146386ms] [ERROR] Failed to load resource: the server responded with a status of 404 () @ https://br.pinterest.com/resource/ApiResource/create/:0
[  148389ms] [ERROR] Failed to load resource: the server responded with a status of 404 () @ https://br.pinterest.com/resource/ApiResource/create/:0
[  150376ms] [ERROR] Failed to load resource: the server responded with a status of 404 () @ https://br.pinterest.com/resource/ApiResource/create/:0
[  152377ms] [ERROR] Failed to load resource: the server responded with a status of 404 () @ https://br.pinterest.com/resource/ApiResource/create/:0
[  154412ms] [ERROR] Failed to load resource: the server responded with a status of 404 () @ https://br.pinterest.com/resource/ApiResource/create/:0
[  156378ms] [ERROR] Failed to load resource: the server responded with a status of 404 () @ https://br.pinterest.com/resource/ApiResource/create/:0
[  158461ms] [ERROR] Failed to load resource: the server responded with a status of 404 () @ https://br.pinterest.com/resource/ApiResource/create/:0
[  160388ms] [ERROR] Failed to load resource: the server responded with a status of 404 () @ https://br.pinterest.com/resource/ApiResource/create/:0
[  162415ms] [ERROR] Failed to load resource: the server responded with a status of 404 () @ https://br.pinterest.com/resource/ApiResource/create/:0
[  164380ms] [ERROR] Failed to load resource: the server responded with a status of 404 () @ https://br.pinterest.com/resource/ApiResource/create/:0
[  166375ms] [ERROR] Failed to load resource: the server responded with a status of 404 () @ https://br.pinterest.com/resource/ApiResource/create/:0
[  168377ms] [ERROR] Failed to load resource: the server responded with a status of 404 () @ https://br.pinterest.com/resource/ApiResource/create/:0
[  170369ms] [ERROR] Failed to load resource: the server responded with a status of 404 () @ https://br.pinterest.com/resource/ApiResource/create/:0
[  172379ms] [ERROR] Failed to load resource: the server responded with a status of 404 () @ https://br.pinterest.com/resource/ApiResource/create/:0
[  174378ms] [ERROR] Failed to load resource: the server responded with a status of 404 () @ https://br.pinterest.com/resource/ApiResource/create/:0
[  176377ms] [ERROR] Failed to load resource: the server responded with a status of 404 () @ https://br.pinterest.com/resource/ApiResource/create/:0
[  178442ms] [ERROR] Failed to load resource: the server responded with a status of 404 () @ https://br.pinterest.com/resource/ApiResource/create/:0
[  180380ms] [ERROR] Failed to load resource: the server responded with a status of 404 () @ https://br.pinterest.com/resource/ApiResource/create/:0
[  182436ms] [ERROR] Failed to load resource: the server responded with a status of 404 () @ https://br.pinterest.com/resource/ApiResource/create/:0
[  184485ms] [ERROR] Failed to load resource: the server responded with a status of 404 () @ https://br.pinterest.com/resource/ApiResource/create/:0
[  186430ms] [ERROR] Failed to load resource: the server responded with a status of 404 () @ https://br.pinterest.com/resource/ApiResource/create/:0
[  188477ms] [ERROR] Failed to load resource: the server responded with a status of 404 () @ https://br.pinterest.com/resource/ApiResource/create/:0
[  190377ms] [ERROR] Failed to load resource: the server responded with a status of 404 () @ https://br.pinterest.com/resource/ApiResource/create/:0
[  192375ms] [ERROR] Failed to load resource: the server responded with a status of 404 () @ https://br.pinterest.com/resource/ApiResource/create/:0
